../Core/Src/main.c:150:5:main	8	static
../Core/Src/main.c:232:6:SystemClock_Config	96	static
../Core/Src/main.c:273:13:MX_ADC1_Init	24	static
../Core/Src/main.c:376:13:MX_USART2_UART_Init	8	static
../Core/Src/main.c:422:13:MX_DMA_Init	16	static
../Core/Src/main.c:440:13:MX_GPIO_Init	56	static
../Core/Src/main.c:468:6:read_inputs	8	static
../Core/Src/main.c:486:6:set_packets	8	static
../Core/Src/main.c:519:6:HAL_ADC_ConvCpltCallback	16	static
../Core/Src/main.c:526:6:StartTask1	56	static
../Core/Src/main.c:631:6:StartDefaultTask	16	static
../Core/Src/main.c:658:6:HAL_TIM_PeriodElapsedCallback	16	static
../Core/Src/main.c:675:6:Error_Handler	8	static,ignoring_inline_asm
